[www.katarinasstad.se/index.html]
[backblue.gif]
[fade.gif]
[index.html]
[use.fontawesome.com/releases/v5.0.6/js/all.js]
[www.katarinasstad.se/Content/Styles/application4d10.css]
[www.katarinasstad.se/Scripts/jquery-2.0.0.min.js]
[www.katarinasstad.se/Scripts/jquery.validate.js]
[cdnjs.cloudflare.com/ajax/libs/tether/1.1.1/js/tether.min.js]
[maxcdn.bootstrapcdn.com/bootstrap/4.0.0-alpha.2/js/bootstrap.min.js]
[www.katarinasstad.se/Scripts/jquery.unobtrusive-ajax.min.js]
[www.google.com/recaptcha/api.js]
[www.katarinasstad.se/Content/Scripts/StartPage/StartPageHandler.js]
[connect.facebook.net/sv_SE/sdk.js]
[www.katarinasstad.se/Content/Images/Design/Header/Logotyp.png]
[www.katarinasstad.se/Foretag/72/En_battre_arbetsmiljo.html]
[www.katarinasstad.se/Foretag/70/Rena_och_skona_kontor.html]
[www.katarinasstad.se/Foretag/71/Tuff_smuts_ar_inga_problem.html]
[www.katarinasstad.se/Privat/84/Ett_rent_hem_och_mer_fritid.html]
[www.katarinasstad.se/Privat/85/Stadning_nar_det_passar_dig.html]
[www.katarinasstad.se/Privat/75/Spara_tid_och_gor_flytten_lattare.html]
[www.katarinasstad.se/Privat/77/Vi_putsar_dina_fonster.html]
[www.katarinasstad.se/Referenser/64/Vi_ar_nojda_nar_du_ar_nojd.html]
[www.katarinasstad.se/Om-Katarinas-stadtjans/81/Kort_om_Katarinas_Stadtjanst.html]
[www.katarinasstad.se/Om-Katarinas-stadtjans/82/Trygghet_for_dig_och_for_oss.html]
[www.katarinasstad.se/Om-Katarinas-stadtjans/83/Darfor_ska_du_anlita_oss.html]
[www.katarinasstad.se/Om-Katarinas-stadtjans/73/Vi_som_jobbar.html]
[www.katarinasstad.se/Om-Katarinas-stadtjans/74/Om_att_gora_sitt_basta.html]
[www.katarinasstad.se/Kontakta-oss/80/Vi_svarar_nar_du_ringer.html]
[www.katarinasstad.se/Kontakta-oss/Kontaktformular.html]
[www.katarinasstad.se/Kontakta-oss/Begar-offert.html]
[www.admin.katarinasstad.se/Uploads/Bildspel/Bildspel/startbild.jpg]
[www.admin.katarinasstad.se/Uploads/Startboxar/Puffar/foretag.png]
[www.admin.katarinasstad.se/Uploads/Startboxar/Puffar/butik.png]
[www.admin.katarinasstad.se/Uploads/Startboxar/Puffar/hem.png]
[www.katarinasstad.se/Content/Images/Ico/fb-icon.png]
[www.katarinasstad.se/Content/Images/Ico/google_plus-icon.png]
[www.katarinasstad.se/Content/Images/Ico/linkedin-icon.png]
[www.katarinasstad.se/Content/Images/Ico/twitter-icon.png]
[www.katarinasstad.se/Content/Images/Design/full_image.gif]
[www.katarinasstad.se/Intregritetspolicy.html]
[www.katarinasstad.se/Sajtkarta.html]
[www.katarinasstad.se/index.html]
[www.katarinasstad.se/Content/Images/Ico/favicon.html]
[www.katarinasstad.se/Content/Images/Ico/listbullet.gif]
[www.katarinasstad.se/Content/Font/Webkit/fd479df2-01b0-4e3a-a411-915c477f1352d41d.eot]
[www.katarinasstad.se/Content/Font/Webkit/b252d464-65cb-4950-88f7-ac0a1bf79b75.woff]
[www.katarinasstad.se/Content/Font/Webkit/b3d18117-6517-4d3f-afc1-774086ff5fc1.ttf]
[www.katarinasstad.se/Content/Font/Webkit/90e6d1d9-33c0-4c63-9491-85041f7d5fd3d41d.eot]
[www.katarinasstad.se/Content/Font/Webkit/96766c08-0e19-43a8-b45d-e95c5b09785c.woff]
[www.katarinasstad.se/Content/Font/Webkit/304f4215-6b57-433a-83f7-2d4c3aaf82e9.ttf]
[www.katarinasstad.se/Content/Font/Webkit/a29947fd-0c53-492b-b2f4-399b01153b30d41d.eot]
[www.katarinasstad.se/Content/Font/Webkit/d42dd843-62b0-4623-8855-d5882512c3c9.woff]
[www.katarinasstad.se/Content/Font/Webkit/6d532ccb-086c-4000-bab2-5d16862fcf01.ttf]
[www.katarinasstad.se/Content/Font/Webkit/afb0bae6-4f02-492e-82dd-c4c51e519279d41d.eot]
[www.katarinasstad.se/Content/Font/Webkit/136eb3cf-249c-40a3-bb62-49c1ad9ae6d8.woff]
[www.katarinasstad.se/Content/Font/Webkit/70c24c76-d52f-4d55-be08-6085ad014f1b.ttf]
[www.katarinasstad.se/Content/Font/Webkit/3d0a39cf-115c-4800-9b1e-31c7912abfc2d41d.eot]
[www.katarinasstad.se/Content/Font/Webkit/eadbb595-a394-48fc-834f-8bf5da15cddf.woff]
[www.katarinasstad.se/Content/Font/Webkit/9bcba093-b507-4b9b-9c83-303003d3815c.ttf]
[www.katarinasstad.se/Content/Font/Webkit/8507714a-41e5-4f02-9f2d-70e6dc6b30f7d41d.eot]
[www.katarinasstad.se/Content/Font/Webkit/9c98d320-d511-4d3d-9ba3-6516302dba95.woff]
[www.katarinasstad.se/Content/Font/Webkit/b4b164e1-3b4c-42c1-8db5-ca02bfad125c.ttf]
[www.katarinasstad.se/Content/Styles/application4d10.css]
[www.katarinasstad.se/Content/Scripts/modernizr-flexbox.html]
[connect.facebook.net/sv_SE/sdk.js]
[www.admin.katarinasstad.se/Uploads/Toppbilder/Toppbild/toppbild_foretagsstadning.jpg]
[www.admin.katarinasstad.se/Uploads/Hogerbilder/Bilder/hogerbild_foretagsstadning.jpg]
[www.admin.katarinasstad.se/Uploads/Hogerbilder/Bilder/hogerbild_foretagsstadning2.jpg]
[www.katarinasstad.se/Foretag/72/En_battre_arbetsmiljo.html]
[www.admin.katarinasstad.se/Uploads/Toppbilder/Toppbild/toppbild_kontorsstadning.jpg]
[www.admin.katarinasstad.se/Uploads/Hogerbilder/Bilder/hogerbild_kontorsstadning.jpg]
[www.katarinasstad.se/Foretag/70/Rena_och_skona_kontor.html]
[www.admin.katarinasstad.se/Uploads/Toppbilder/Toppbild/toppbild_restaurang_butik_bygg.jpg]
[www.admin.katarinasstad.se/Uploads/Hogerbilder/Bilder/hogerbild_bygg_butik_restaurang.jpg]
[www.katarinasstad.se/Foretag/71/Tuff_smuts_ar_inga_problem.html]
[www.admin.katarinasstad.se/Uploads/Toppbilder/Toppbild/toppbild_hemstadning.jpg]
[www.katarinasstad.se/Om-Katarinas-stadtjans/78/Trygghet_for_dig_och_for_oss.html]
[www.admin.katarinasstad.se/Uploads/Hogerbilder/Bilder/hogerbild_hemstadning.jpg]
[www.katarinasstad.se/Privat/84/Ett_rent_hem_och_mer_fritid.html]
[www.katarinasstad.se/Privat/85/Stadning_nar_det_passar_dig.html]
[www.admin.katarinasstad.se/Uploads/Toppbilder/Toppbild/toppbild_flyttstadning.jpg]
[www.admin.katarinasstad.se/Uploads/Hogerbilder/Bilder/hogerbild_flyttstadning.jpg]
[www.katarinasstad.se/Privat/75/Spara_tid_och_gor_flytten_lattare.html]
[www.admin.katarinasstad.se/Uploads/Toppbilder/Toppbild/toppbild_fonsterputs.jpg]
[www.admin.katarinasstad.se/Uploads/Hogerbilder/Bilder/hogerbild_fonsterputs.jpg]
[www.katarinasstad.se/Privat/77/Vi_putsar_dina_fonster.html]
[www.admin.katarinasstad.se/Uploads/Toppbilder/Toppbild/toppbild_referenser.jpg]
[www.katarinasstad.se/Referenser/64/Vi_ar_nojda_nar_du_ar_nojd.html]
[www.admin.katarinasstad.se/Uploads/Toppbilder/Toppbild/toppbild_omkatarina.jpg]
[www.katarinasstad.se/Om-Katarinas-stadtjans/81/Kort_om_Katarinas_Stadtjanst.html]
[www.katarinasstad.se/Om-Katarinas-stadtjans/82/Trygghet_for_dig_och_for_oss.html]
[www.katarinasstad.se/Om-Katarinas-stadtjans/83/Darfor_ska_du_anlita_oss.html]
[www.katarinasstad.se/Om-Katarinas-stadtjans/73/Vi_som_jobbar.html]
[www.katarinasstad.se/Om-Katarinas-stadtjans/74/Om_att_gora_sitt_basta.html]
[www.admin.katarinasstad.se/Uploads/Toppbilder/Toppbild/toppbild_kontaktaoss_personalen.jpg]
[www.katarinasstad.se/Kontakta-oss/80/Vi_svarar_nar_du_ringer.html]
[www.katarinasstad.se/Content/Scripts/Contact/ContactFormHandler.js]
[www.katarinasstad.se/Kontakta-oss/Kontaktformular.html]
[www.katarinasstad.se/Content/Scripts/Contact/OrderHandler123f.js]
[www.admin.katarinasstad.se/Uploads/Hogerbilder/Bilder/hogerbild_offert_katarina.jpg]
[www.katarinasstad.se/Kontakta-oss/Begar-offert/Hemstadning.html]
[www.katarinasstad.se/Kontakta-oss/Begar-offert/Foretag.html]
[www.katarinasstad.se/Kontakta-oss/Begar-offert.html]
[www.katarinasstad.se/Intregritetspolicy.html]
[www.katarinasstad.se/Content/Images/Ico/sitemap_ico_first_level.gif]
[www.katarinasstad.se/Sajtkarta.html]
[fast.fonts.net/t/174ec.css]
[www.katarinasstad.se/Content/Font/Webkit/1d3191cd-ae8c-45e2-bb04-11e96d8fa974.html]
[www.katarinasstad.se/Content/Font/Webkit/b9bed509-0816-43d8-b14b-7525a21f4bde.svg]
[www.katarinasstad.se/Content/Font/Webkit/a0f222f7-39b4-41c9-a5c0-0b9b7e6b8f89.html]
[www.katarinasstad.se/Content/Font/Webkit/2acdd065-8f32-4b1d-a7c8-c59fa153ce86.svg]
[www.katarinasstad.se/Content/Font/Webkit/d9896899-f08c-4750-a874-a9e10d83c2cb.html]
[www.katarinasstad.se/Content/Font/Webkit/f56b7407-f97b-4cb3-9ce6-4e13065eec93.svg]
[www.katarinasstad.se/Content/Font/Webkit/b76ff444-27dd-4494-b96e-2f5157f347d5.html]
[www.katarinasstad.se/Content/Font/Webkit/ac37080b-1709-4b25-bda1-03c4a58e3ef5.svg]
[www.katarinasstad.se/Content/Font/Webkit/e2d37f34-6bca-473c-b64d-93811f4dc046.html]
[www.katarinasstad.se/Content/Font/Webkit/9a2af429-2624-4bd1-a676-8f0eed3e7e31.svg]
[www.katarinasstad.se/Content/Font/Webkit/0db19ee1-b74a-4eb6-b48f-60c7047ea44b.html]
[www.katarinasstad.se/Content/Font/Webkit/8673e9b2-7e5d-4749-8588-b7de69b662c2.svg]
[www.katarinasstad.se/Om-Katarinas-stadtjans/78/Trygghet_for_dig_och_for_oss.html]
[www.katarinasstad.se/Content/Scripts/Contact/PrivateOrderHandler.js]
[www.katarinasstad.se/Kontakta-oss/Begar-offert/Hemstadning.html]
[www.katarinasstad.se/Content/Scripts/Contact/CompanyOrderHandler.js]
[www.katarinasstad.se/Kontakta-oss/Begar-offert/Foretag.html]
